******************************************************************************
               TMS320C6x Linker PC v7.4.4                      
******************************************************************************
>> Linked Fri Sep 24 14:47:28 2021

OUTPUT FILE NAME:   <lab1.out>
ENTRY POINT SYMBOL: "_c_int00"  address: 00000000


MEMORY CONFIGURATION

         name            origin    length      used     unused   attr    fill
----------------------  --------  ---------  --------  --------  ----  --------
  L2RAM                 00000000   00100000  00000043  000fffbd  RWIX
  EMIFBCE0              60000000   04000000  00000000  04000000  RWIX
  EMIFBCE1              64000000   04000000  00000000  04000000  RWIX
  EMIFBCE2              68000000   04000000  00000000  04000000  RWIX
  EMIFBCE3              6c000000   04000000  00000000  04000000  RWIX
  EMIFACE0              80000000   10000000  00000000  10000000  RWIX
  EMIFACE1              90000000   10000000  00000000  10000000  RWIX
  EMIFACE2              a0000000   10000000  00000000  10000000  RWIX
  EMIFACE3              b0000000   10000000  00000000  10000000  RWIX


SECTION ALLOCATION MAP

 output                                  attributes/
section   page    origin      length       input sections
--------  ----  ----------  ----------   ----------------
.text      0    00000000    00000040     
                  00000000    00000040     file1.obj (.text)

.bss       0    00000000    00000000     UNINITIALIZED

.pinit     0    00000000    00000000     UNINITIALIZED

.cinit     0    00000000    00000000     UNINITIALIZED

.data      0    00000040    00000003     
                  00000040    00000003     file1.obj (.data)


GLOBAL SYMBOLS: SORTED ALPHABETICALLY BY Name 

address    name
--------   ----
00000000   $bss
00000000   .bss
00000040   .data
00000000   .text
ffffffff   ___TI_pprof_out_hndl
ffffffff   ___TI_prof_data_size
ffffffff   ___TI_prof_data_start
ffffffff   ___binit__
00000000   ___bss__
ffffffff   ___c_args__
ffffffff   ___cinit__
00000040   ___data__
00000043   ___edata__
00000000   ___end__
00000040   ___etext__
ffffffff   ___pinit__
00000000   ___text__
00000000   _c_int00
ffffffff   binit
ffffffff   cinit
00000043   edata
00000000   end
00000040   etext
ffffffff   pinit


GLOBAL SYMBOLS: SORTED BY Symbol Address 

address    name
--------   ----
00000000   $bss
00000000   .bss
00000000   .text
00000000   ___bss__
00000000   ___end__
00000000   ___text__
00000000   _c_int00
00000000   end
00000040   .data
00000040   ___data__
00000040   ___etext__
00000040   etext
00000043   ___edata__
00000043   edata
ffffffff   ___TI_pprof_out_hndl
ffffffff   ___TI_prof_data_size
ffffffff   ___TI_prof_data_start
ffffffff   ___binit__
ffffffff   ___c_args__
ffffffff   ___cinit__
ffffffff   ___pinit__
ffffffff   binit
ffffffff   cinit
ffffffff   pinit

[24 symbols]
